  Determining projects to restore...
C:\Program Files\dotnet\sdk\9.0.307\Sdks\Microsoft.NET.Sdk\targets\Microsoft.NET.EolTargetFrameworks.targets(32,5): warning NETSDK1138: The target framework 'netcoreapp3.1' is out of support and will not receive security updates in the future. Please refer to https://aka.ms/dotnet-core-support for more information about the support policy. [C:\Projetos\TP_ISI_02\TP_ISI_02.API\TP_ISI_02.API.csproj]
C:\Program Files\dotnet\sdk\9.0.307\Sdks\Microsoft.NET.Sdk\targets\Microsoft.NET.EolTargetFrameworks.targets(32,5): warning NETSDK1138: The target framework 'netcoreapp3.1' is out of support and will not receive security updates in the future. Please refer to https://aka.ms/dotnet-core-support for more information about the support policy. [C:\Projetos\TP_ISI_02\TP_ISI_02.API\TP_ISI_02.API.csproj]
  All projects are up-to-date for restore.
C:\Program Files\dotnet\sdk\9.0.307\Sdks\Microsoft.NET.Sdk\targets\Microsoft.NET.EolTargetFrameworks.targets(32,5): warning NETSDK1138: The target framework 'netcoreapp3.1' is out of support and will not receive security updates in the future. Please refer to https://aka.ms/dotnet-core-support for more information about the support policy. [C:\Projetos\TP_ISI_02\TP_ISI_02.API\TP_ISI_02.API.csproj]
  TP_ISI_02.Domain -> C:\Projetos\TP_ISI_02\TP_ISI_02.Domain\bin\Debug\netcoreapp3.1\TP_ISI_02.Domain.dll
  TP_ISI_02.Data -> C:\Projetos\TP_ISI_02\TP_ISI_02.Data\bin\Debug\netcoreapp3.1\TP_ISI_02.Data.dll
C:\Projetos\TP_ISI_02\TP_ISI_02.API\Startup.cs(6,43): error CS0234: The type or namespace name 'JwtBearer' does not exist in the namespace 'Microsoft.AspNetCore.Authentication' (are you missing an assembly reference?) [C:\Projetos\TP_ISI_02\TP_ISI_02.API\TP_ISI_02.API.csproj]

Build FAILED.

C:\Program Files\dotnet\sdk\9.0.307\Sdks\Microsoft.NET.Sdk\targets\Microsoft.NET.EolTargetFrameworks.targets(32,5): warning NETSDK1138: The target framework 'netcoreapp3.1' is out of support and will not receive security updates in the future. Please refer to https://aka.ms/dotnet-core-support for more information about the support policy. [C:\Projetos\TP_ISI_02\TP_ISI_02.API\TP_ISI_02.API.csproj]
C:\Program Files\dotnet\sdk\9.0.307\Sdks\Microsoft.NET.Sdk\targets\Microsoft.NET.EolTargetFrameworks.targets(32,5): warning NETSDK1138: The target framework 'netcoreapp3.1' is out of support and will not receive security updates in the future. Please refer to https://aka.ms/dotnet-core-support for more information about the support policy. [C:\Projetos\TP_ISI_02\TP_ISI_02.API\TP_ISI_02.API.csproj]
C:\Program Files\dotnet\sdk\9.0.307\Sdks\Microsoft.NET.Sdk\targets\Microsoft.NET.EolTargetFrameworks.targets(32,5): warning NETSDK1138: The target framework 'netcoreapp3.1' is out of support and will not receive security updates in the future. Please refer to https://aka.ms/dotnet-core-support for more information about the support policy. [C:\Projetos\TP_ISI_02\TP_ISI_02.API\TP_ISI_02.API.csproj]
C:\Projetos\TP_ISI_02\TP_ISI_02.API\Startup.cs(6,43): error CS0234: The type or namespace name 'JwtBearer' does not exist in the namespace 'Microsoft.AspNetCore.Authentication' (are you missing an assembly reference?) [C:\Projetos\TP_ISI_02\TP_ISI_02.API\TP_ISI_02.API.csproj]
    3 Warning(s)
    1 Error(s)

Time Elapsed 00:00:02.15
